// Jest Snapshot v1, https://goo.gl/fbAQLP

exports[`should render correctly 1`] = `
<section
  className="home"
>
  <article>
    <p>
      The Code Exercise for JS/React Developer
    </p>
  </article>
  <nav>
    <NavLink
      activeClassName="active"
      ariaCurrent="true"
      to="/router-calendar/1970/1/1"
    >
      Routed Calendar
    </NavLink>
    <NavLink
      activeClassName="active"
      ariaCurrent="true"
      to="/linked-calendars"
    >
      Linked Calendars
    </NavLink>
  </nav>
</section>
`;
