// Jest Snapshot v1, https://goo.gl/fbAQLP

exports[`should render correctly 1`] = `
<section
  className="page-404"
>
  <article>
    <h1>
      404
    </h1>
    <p>
      Can't find what you were after.
    </p>
  </article>
  <nav>
    <Link
      replace={false}
      to="/"
    >
      Home
    </Link>
  </nav>
</section>
`;
